Microsoft Windows [Version 10.0.22631.4751]
(c) Microsoft Corporation. All rights reserved.

C:\git>git clone https://github.com/Seethalakshmi-lab/sample.git
Cloning into 'sample'...
warning: You appear to have cloned an empty repository.

C:\git>git clone https://github.com/Seethalakshmi-lab/testing-files.git
Cloning into 'testing-files'...
remote: Enumerating objects: 40, done.
remote: Counting objects: 100% (40/40), done.
remote: Compressing objects: 100% (37/37), done.
remote: Total 40 (delta 12), reused 0 (delta 0), pack-reused 0 (from 0)
Receiving objects: 100% (40/40), 129.36 KiB | 7.19 MiB/s, done.
Resolving deltas: 100% (12/12), done.

C:\git> git cherry-pick 1d15237a76b80d42c27d8380a42f6fd18c9cb688
fatal: not a git repository (or any of the parent directories): .git

C:\git> git checkout main
fatal: not a git repository (or any of the parent directories): .git

C:\git>git checkout main
fatal: not a git repository (or any of the parent directories): .git

C:\git>cd
C:\git

C:\git>cd path
The system cannot find the path specified.

C:\git>git fetch --all
fatal: not a git repository (or any of the parent directories): .git

C:\git>git config --global user.name "Seethalakshmi-lab"

C:\git>git config --global Password "Seetha@150599"
error: key does not contain a section: Password

C:\git>git config --global user.name "Seethalakshmi-lab"

C:\git>git config --global user.email "texttoseetha15@gmail.com"

C:\git>git config --global user.password "Seetha@150599"

C:\git>git clone https://github.com/Seethalakshmi-lab/testing-files.git cd main
fatal: Too many arguments.

usage: git clone [<options>] [--] <repo> [<dir>]

    -v, --[no-]verbose    be more verbose
    -q, --[no-]quiet      be more quiet
    --[no-]progress       force progress reporting
    --[no-]reject-shallow don't clone shallow repository
    -n, --no-checkout     don't create a checkout
    --checkout            opposite of --no-checkout
    --[no-]bare           create a bare repository
    --[no-]mirror         create a mirror repository (implies --bare)
    -l, --[no-]local      to clone from a local repository
    --no-hardlinks        don't use local hardlinks, always copy
    --hardlinks           opposite of --no-hardlinks
    -s, --[no-]shared     setup as shared repository
    --[no-]recurse-submodules[=<pathspec>]
                          initialize submodules in the clone
    --[no-]recursive ...  alias of --recurse-submodules
    -j, --[no-]jobs <n>   number of submodules cloned in parallel
    --[no-]template <template-directory>
                          directory from which templates will be used
    --[no-]reference <repo>
                          reference repository
    --[no-]reference-if-able <repo>
                          reference repository
    --[no-]dissociate     use --reference only while cloning
    -o, --[no-]origin <name>
                          use <name> instead of 'origin' to track upstream
    -b, --[no-]branch <branch>
                          checkout <branch> instead of the remote's HEAD
    -u, --[no-]upload-pack <path>
                          path to git-upload-pack on the remote
    --[no-]depth <depth>  create a shallow clone of that depth
    --[no-]shallow-since <time>
                          create a shallow clone since a specific time
    --[no-]shallow-exclude <revision>
                          deepen history of shallow clone, excluding rev
    --[no-]single-branch  clone only one branch, HEAD or --branch
    --no-tags             don't clone any tags, and make later fetches not to follow them
    --tags                opposite of --no-tags
    --[no-]shallow-submodules
                          any cloned submodules will be shallow
    --[no-]separate-git-dir <gitdir>
                          separate git dir from working tree
    --[no-]ref-format <format>
                          specify the reference format to use
    -c, --[no-]config <key=value>
                          set config inside the new repository
    --[no-]server-option <server-specific>
                          option to transmit
    -4, --ipv4            use IPv4 addresses only
    -6, --ipv6            use IPv6 addresses only
    --[no-]filter <args>  object filtering
    --[no-]also-filter-submodules
                          apply partial clone filters to submodules
    --[no-]remote-submodules
                          any cloned submodules will use their remote-tracking branch
    --[no-]sparse         initialize sparse-checkout file to include only files at root
    --[no-]bundle-uri <uri>
                          a URI for downloading bundles before fetching from origin remote


C:\git>git clone https://github.com/Seethalakshmi-lab/testing-files.git
Cloning into 'testing-files'...
remote: Enumerating objects: 40, done.
remote: Counting objects: 100% (40/40), done.
remote: Compressing objects: 100% (37/37), done.
remote: Total 40 (delta 12), reused 0 (delta 0), pack-reused 0 (from 0)
Receiving objects: 100% (40/40), 129.36 KiB | 5.17 MiB/s, done.
Resolving deltas: 100% (12/12), done.

C:\git>git fetch --all
fatal: not a git repository (or any of the parent directories): .git

C:\git>git branch -a
fatal: not a git repository (or any of the parent directories): .git

C:\git>
